<?xml version="1.0" ?>
<testsuites disabled="0" errors="6" failures="3" tests="50" time="28798.0">
	<testsuite disabled="0" errors="6" failures="3" hostname="ip-172-31-11-181.us-west-2.compute.internal" name="my test suite" skipped="2" tests="50" time="28798" timestamp="2020-05-13 00:24:06.241360">
		<testcase classname="myclass0" name="mytest0" time="567.000000">
			<system-out>stdout output</system-out>
			<system-err>stderr output</system-err>
		</testcase>
		<testcase classname="myclass0" name="mytest1" time="975.000000">
			<system-out>stdout output</system-out>
			<system-err>stderr output</system-err>
		</testcase>
		<testcase classname="myclass0" name="mytest2" time="680.000000">
			<system-out>stdout output</system-out>
			<system-err>stderr output</system-err>
		</testcase>
		<testcase classname="myclass0" name="mytest3" time="682.000000">
			<error message="error 0 3" type="ERR1">error output message</error>
			<system-out>stdout output</system-out>
			<system-err>stderr output</system-err>
		</testcase>
		<testcase classname="myclass0" name="mytest4" time="285.000000">
			<system-out>stdout output</system-out>
			<system-err>stderr output</system-err>
		</testcase>
		<testcase classname="myclass0" name="mytest5" time="320.000000">
			<system-out>stdout output</system-out>
			<system-err>stderr output</system-err>
		</testcase>
		<testcase classname="myclass0" name="mytest6" time="483.000000">
			<system-out>stdout output</system-out>
			<system-err>stderr output</system-err>
		</testcase>
		<testcase classname="myclass0" name="mytest7" time="642.000000">
			<error message="error 0 7" type="ERR1">error output message</error>
			<system-out>stdout output</system-out>
			<system-err>stderr output</system-err>
		</testcase>
		<testcase classname="myclass0" name="mytest8" time="473.000000">
			<system-out>stdout output</system-out>
			<system-err>stderr output</system-err>
		</testcase>
		<testcase classname="myclass0" name="mytest9" time="745.000000">
			<system-out>stdout output</system-out>
			<system-err>stderr output</system-err>
		</testcase>
		<testcase classname="myclass1" name="mytest0" time="763.000000">
			<system-out>stdout output</system-out>
			<system-err>stderr output</system-err>
		</testcase>
		<testcase classname="myclass1" name="mytest1" time="633.000000">
			<error message="error 1 1" type="ERR1">error output message</error>
			<system-out>stdout output</system-out>
			<system-err>stderr output</system-err>
		</testcase>
		<testcase classname="myclass1" name="mytest2" time="319.000000">
			<system-out>stdout output</system-out>
			<system-err>stderr output</system-err>
		</testcase>
		<testcase classname="myclass1" name="mytest3" time="502.000000">
			<system-out>stdout output</system-out>
			<system-err>stderr output</system-err>
		</testcase>
		<testcase classname="myclass1" name="mytest4" time="919.000000">
			<system-out>stdout output</system-out>
			<system-err>stderr output</system-err>
		</testcase>
		<testcase classname="myclass1" name="mytest5" time="527.000000">
			<error message="error 1 5" type="ERR1">error output message</error>
			<system-out>stdout output</system-out>
			<system-err>stderr output</system-err>
		</testcase>
		<testcase classname="myclass1" name="mytest6" time="202.000000">
			<skipped message="skipped 1 6" type="skipped">skipped output message</skipped>
			<system-out>stdout output</system-out>
			<system-err>stderr output</system-err>
		</testcase>
		<testcase classname="myclass1" name="mytest7" time="480.000000">
			<system-out>stdout output</system-out>
			<system-err>stderr output</system-err>
		</testcase>
		<testcase classname="myclass1" name="mytest8" time="183.000000">
			<system-out>stdout output</system-out>
			<system-err>stderr output</system-err>
		</testcase>
		<testcase classname="myclass1" name="mytest9" time="528.000000">
			<system-out>stdout output</system-out>
			<system-err>stderr output</system-err>
		</testcase>
		<testcase classname="myclass2" name="mytest0" time="679.000000">
			<system-out>stdout output</system-out>
			<system-err>stderr output</system-err>
		</testcase>
		<testcase classname="myclass2" name="mytest1" time="517.000000">
			<failure message="failure 2 1" type="FAIL1">failure output message</failure>
			<system-out>stdout output</system-out>
			<system-err>stderr output</system-err>
		</testcase>
		<testcase classname="myclass2" name="mytest2" time="396.000000">
			<error message="error 2 2" type="ERR1">error output message</error>
			<system-out>stdout output</system-out>
			<system-err>stderr output</system-err>
		</testcase>
		<testcase classname="myclass2" name="mytest3" time="947.000000">
			<system-out>stdout output</system-out>
			<system-err>stderr output</system-err>
		</testcase>
		<testcase classname="myclass2" name="mytest4" time="270.000000">
			<system-out>stdout output</system-out>
			<system-err>stderr output</system-err>
		</testcase>
		<testcase classname="myclass2" name="mytest5" time="609.000000">
			<system-out>stdout output</system-out>
			<system-err>stderr output</system-err>
		</testcase>
		<testcase classname="myclass2" name="mytest6" time="583.000000">
			<system-out>stdout output</system-out>
			<system-err>stderr output</system-err>
		</testcase>
		<testcase classname="myclass2" name="mytest7" time="705.000000">
			<system-out>stdout output</system-out>
			<system-err>stderr output</system-err>
		</testcase>
		<testcase classname="myclass2" name="mytest8" time="709.000000">
			<system-out>stdout output</system-out>
			<system-err>stderr output</system-err>
		</testcase>
		<testcase classname="myclass2" name="mytest9" time="233.000000">
			<system-out>stdout output</system-out>
			<system-err>stderr output</system-err>
		</testcase>
		<testcase classname="myclass3" name="mytest0" time="682.000000">
			<system-out>stdout output</system-out>
			<system-err>stderr output</system-err>
		</testcase>
		<testcase classname="myclass3" name="mytest1" time="639.000000">
			<system-out>stdout output</system-out>
			<system-err>stderr output</system-err>
		</testcase>
		<testcase classname="myclass3" name="mytest2" time="493.000000">
			<skipped message="skipped 3 2" type="skipped">skipped output message</skipped>
			<system-out>stdout output</system-out>
			<system-err>stderr output</system-err>
		</testcase>
		<testcase classname="myclass3" name="mytest3" time="571.000000">
			<system-out>stdout output</system-out>
			<system-err>stderr output</system-err>
		</testcase>
		<testcase classname="myclass3" name="mytest4" time="979.000000">
			<system-out>stdout output</system-out>
			<system-err>stderr output</system-err>
		</testcase>
		<testcase classname="myclass3" name="mytest5" time="807.000000">
			<system-out>stdout output</system-out>
			<system-err>stderr output</system-err>
		</testcase>
		<testcase classname="myclass3" name="mytest6" time="180.000000">
			<system-out>stdout output</system-out>
			<system-err>stderr output</system-err>
		</testcase>
		<testcase classname="myclass3" name="mytest7" time="697.000000">
			<system-out>stdout output</system-out>
			<system-err>stderr output</system-err>
		</testcase>
		<testcase classname="myclass3" name="mytest8" time="274.000000">
			<system-out>stdout output</system-out>
			<system-err>stderr output</system-err>
		</testcase>
		<testcase classname="myclass3" name="mytest9" time="626.000000">
			<system-out>stdout output</system-out>
			<system-err>stderr output</system-err>
		</testcase>
		<testcase classname="myclass4" name="mytest0" time="974.000000">
			<system-out>stdout output</system-out>
			<system-err>stderr output</system-err>
		</testcase>
		<testcase classname="myclass4" name="mytest1" time="195.000000">
			<system-out>stdout output</system-out>
			<system-err>stderr output</system-err>
		</testcase>
		<testcase classname="myclass4" name="mytest2" time="695.000000">
			<system-out>stdout output</system-out>
			<system-err>stderr output</system-err>
		</testcase>
		<testcase classname="myclass4" name="mytest3" time="871.000000">
			<system-out>stdout output</system-out>
			<system-err>stderr output</system-err>
		</testcase>
		<testcase classname="myclass4" name="mytest4" time="575.000000">
			<system-out>stdout output</system-out>
			<system-err>stderr output</system-err>
		</testcase>
		<testcase classname="myclass4" name="mytest5" time="331.000000">
			<system-out>stdout output</system-out>
			<system-err>stderr output</system-err>
		</testcase>
		<testcase classname="myclass4" name="mytest6" time="956.000000">
			<system-out>stdout output</system-out>
			<system-err>stderr output</system-err>
		</testcase>
		<testcase classname="myclass4" name="mytest7" time="876.000000">
			<error message="error 4 7" type="ERR1">error output message</error>
			<system-out>stdout output</system-out>
			<system-err>stderr output</system-err>
		</testcase>
		<testcase classname="myclass4" name="mytest8" time="528.000000">
			<failure message="failure 4 8" type="FAIL1">failure output message</failure>
			<system-out>stdout output</system-out>
			<system-err>stderr output</system-err>
		</testcase>
		<testcase classname="myclass4" name="mytest9" time="293.000000">
			<failure message="failure 4 9" type="FAIL1">failure output message</failure>
			<system-out>stdout output</system-out>
			<system-err>stderr output</system-err>
		</testcase>
	</testsuite>
</testsuites>
